2026-05-26 15:42:05 [http-nio-8080-exec-1] WARN  com.zaxxer.hikari.HikariConfig - HikariPool-1 - idleTimeout has been set but has no effect because the pool is operating as a fixed size pool.
2026-05-26 15:42:06 [http-nio-8080-exec-1] INFO  com.zaxxer.hikari.HikariDataSource - HikariPool-1 - Starting...
2026-05-26 15:42:08 [http-nio-8080-exec-1] INFO  com.zaxxer.hikari.pool.HikariPool - HikariPool-1 - Added connection com.mysql.cj.jdbc.ConnectionImpl@25b4bf87
2026-05-26 15:42:08 [http-nio-8080-exec-1] INFO  com.zaxxer.hikari.HikariDataSource - HikariPool-1 - Start completed.
2026-05-26 15:42:14 [http-nio-8080-exec-1] INFO  v.e.n.f.e.c.filter.LoggingFilter - IP: 127.0.0.1 | Method: GET | URI: /e_learning_war_exploded/index | Time: 5169ms
2026-05-26 15:42:15 [http-nio-8080-exec-3] INFO  v.e.n.f.e.c.filter.LoggingFilter - IP: 0:0:0:0:0:0:0:1 | Method: GET | URI: /e_learning_war_exploded/index | Time: 465ms
2026-05-26 15:42:15 [http-nio-8080-exec-5] INFO  v.e.n.f.e.c.filter.LoggingFilter - IP: 0:0:0:0:0:0:0:1 | Method: GET | URI: /e_learning_war_exploded/assets/css/base/base.css | Time: 9ms
2026-05-26 15:42:15 [http-nio-8080-exec-6] INFO  v.e.n.f.e.c.filter.LoggingFilter - IP: 0:0:0:0:0:0:0:1 | Method: GET | URI: /e_learning_war_exploded/assets/css/base/card.css | Time: 0ms
2026-05-26 15:42:15 [http-nio-8080-exec-7] INFO  v.e.n.f.e.c.filter.LoggingFilter - IP: 0:0:0:0:0:0:0:1 | Method: GET | URI: /e_learning_war_exploded/assets/css/base/default.css | Time: 7ms
2026-05-26 15:42:15 [http-nio-8080-exec-4] INFO  v.e.n.f.e.c.filter.LoggingFilter - IP: 0:0:0:0:0:0:0:1 | Method: GET | URI: /e_learning_war_exploded/assets/css/base/home.css | Time: 7ms
2026-05-26 15:42:15 [http-nio-8080-exec-2] INFO  v.e.n.f.e.c.filter.LoggingFilter - IP: 0:0:0:0:0:0:0:1 | Method: GET | URI: /e_learning_war_exploded/assets/javascript/security/security.js | Time: 4ms
2026-05-26 15:42:15 [http-nio-8080-exec-3] INFO  v.e.n.f.e.c.filter.LoggingFilter - IP: 0:0:0:0:0:0:0:1 | Method: GET | URI: /e_learning_war_exploded/assets/javascript/ui/header-search.js | Time: 0ms
2026-05-26 15:42:15 [http-nio-8080-exec-1] INFO  v.e.n.f.e.c.filter.LoggingFilter - IP: 0:0:0:0:0:0:0:1 | Method: GET | URI: /e_learning_war_exploded/assets/javascript/ui/dark-mode.js | Time: 13ms
2026-05-26 15:42:15 [http-nio-8080-exec-9] INFO  v.e.n.f.e.c.filter.LoggingFilter - IP: 0:0:0:0:0:0:0:1 | Method: GET | URI: /e_learning_war_exploded/assets/css/base/header.css | Time: 242ms
2026-05-26 15:42:15 [http-nio-8080-exec-10] INFO  v.e.n.f.e.c.filter.LoggingFilter - IP: 0:0:0:0:0:0:0:1 | Method: GET | URI: /e_learning_war_exploded/assets/fonts/normalize.css-master/normalize.css | Time: 362ms
2026-05-26 15:42:15 [http-nio-8080-exec-8] INFO  v.e.n.f.e.c.filter.LoggingFilter - IP: 0:0:0:0:0:0:0:1 | Method: GET | URI: /e_learning_war_exploded/assets/fonts/fontawesome-free-7.1.0-web/css/all.min.css | Time: 296ms
2026-05-26 15:42:15 [http-nio-8080-exec-7] INFO  v.e.n.f.e.c.filter.LoggingFilter - IP: 0:0:0:0:0:0:0:1 | Method: GET | URI: /e_learning_war_exploded/assets/javascript/security/security.js | Time: 0ms
2026-05-26 15:42:15 [http-nio-8080-exec-5] INFO  v.e.n.f.e.c.filter.LoggingFilter - IP: 0:0:0:0:0:0:0:1 | Method: GET | URI: /e_learning_war_exploded/assets/css/base/base.css | Time: 5ms
2026-05-26 15:42:15 [http-nio-8080-exec-6] INFO  v.e.n.f.e.c.filter.LoggingFilter - IP: 0:0:0:0:0:0:0:1 | Method: GET | URI: /e_learning_war_exploded/assets/css/base/contact-button.css | Time: 3ms
2026-05-26 15:42:15 [http-nio-8080-exec-2] INFO  v.e.n.f.e.c.filter.LoggingFilter - IP: 0:0:0:0:0:0:0:1 | Method: GET | URI: /e_learning_war_exploded/assets/javascript/component/modal/modal.js | Time: 4ms
2026-05-26 15:42:15 [http-nio-8080-exec-4] INFO  v.e.n.f.e.c.filter.LoggingFilter - IP: 0:0:0:0:0:0:0:1 | Method: GET | URI: /e_learning_war_exploded/assets/css/admin/component/notification.css | Time: 6ms
2026-05-26 15:42:15 [http-nio-8080-exec-1] INFO  v.e.n.f.e.c.filter.LoggingFilter - IP: 0:0:0:0:0:0:0:1 | Method: GET | URI: /e_learning_war_exploded/assets/javascript/component/modal/modal-configs.js | Time: 4ms
2026-05-26 15:42:15 [http-nio-8080-exec-3] INFO  v.e.n.f.e.c.filter.LoggingFilter - IP: 0:0:0:0:0:0:0:1 | Method: GET | URI: /e_learning_war_exploded/assets/javascript/ui/notification.js | Time: 4ms
2026-05-26 15:42:15 [http-nio-8080-exec-9] INFO  v.e.n.f.e.c.filter.LoggingFilter - IP: 0:0:0:0:0:0:0:1 | Method: GET | URI: /e_learning_war_exploded/assets/css/base/contact-form.css | Time: 0ms
2026-05-26 15:42:15 [http-nio-8080-exec-10] INFO  v.e.n.f.e.c.filter.LoggingFilter - IP: 0:0:0:0:0:0:0:1 | Method: GET | URI: /e_learning_war_exploded/assets/javascript/features/cart/add-action.js | Time: 12ms
2026-05-26 15:42:16 [http-nio-8080-exec-7] INFO  v.e.n.f.e.c.filter.LoggingFilter - IP: 0:0:0:0:0:0:0:1 | Method: GET | URI: /e_learning_war_exploded/assets/fonts/static/Roboto-Regular.ttf | Time: 8ms
2026-05-26 15:42:16 [http-nio-8080-exec-8] INFO  v.e.n.f.e.c.filter.LoggingFilter - IP: 0:0:0:0:0:0:0:1 | Method: GET | URI: /e_learning_war_exploded/assets/fonts/static/Roboto-Bold.ttf | Time: 9ms
2026-05-26 15:42:16 [http-nio-8080-exec-6] INFO  v.e.n.f.e.c.filter.LoggingFilter - IP: 0:0:0:0:0:0:0:1 | Method: GET | URI: /e_learning_war_exploded/assets/fonts/fontawesome-free-7.1.0-web/webfonts/fa-regular-400.woff2 | Time: 6ms
2026-05-26 15:42:16 [http-nio-8080-exec-5] INFO  v.e.n.f.e.c.filter.LoggingFilter - IP: 0:0:0:0:0:0:0:1 | Method: GET | URI: /e_learning_war_exploded/assets/fonts/fontawesome-free-7.1.0-web/webfonts/fa-solid-900.woff2 | Time: 17ms
2026-05-26 15:42:16 [http-nio-8080-exec-4] INFO  v.e.n.f.e.c.filter.LoggingFilter - IP: 0:0:0:0:0:0:0:1 | Method: GET | URI: /e_learning_war_exploded/assets/javascript/component/contact-form.js | Time: 4ms
2026-05-26 15:42:16 [http-nio-8080-exec-2] INFO  v.e.n.f.e.c.filter.LoggingFilter - IP: 0:0:0:0:0:0:0:1 | Method: GET | URI: /e_learning_war_exploded/assets/fonts/static/Roboto-SemiBold.ttf | Time: 7ms
2026-05-26 15:42:17 [http-nio-8080-exec-1] INFO  v.e.n.f.e.c.filter.LoggingFilter - IP: 0:0:0:0:0:0:0:1 | Method: GET | URI: /e_learning_war_exploded/sign-in | Time: 339ms
2026-05-26 15:42:17 [http-nio-8080-exec-6] INFO  v.e.n.f.e.c.filter.LoggingFilter - IP: 0:0:0:0:0:0:0:1 | Method: GET | URI: /e_learning_war_exploded/assets/javascript/ui/dark-mode.js | Time: 0ms
2026-05-26 15:42:17 [http-nio-8080-exec-9] INFO  v.e.n.f.e.c.filter.LoggingFilter - IP: 0:0:0:0:0:0:0:1 | Method: GET | URI: /e_learning_war_exploded/assets/css/base/default.css | Time: 0ms
2026-05-26 15:42:17 [http-nio-8080-exec-7] INFO  v.e.n.f.e.c.filter.LoggingFilter - IP: 0:0:0:0:0:0:0:1 | Method: GET | URI: /e_learning_war_exploded/assets/javascript/security/security.js | Time: 0ms
2026-05-26 15:42:17 [http-nio-8080-exec-10] INFO  v.e.n.f.e.c.filter.LoggingFilter - IP: 0:0:0:0:0:0:0:1 | Method: GET | URI: /e_learning_war_exploded/assets/css/auth/sign-in.css | Time: 8ms
2026-05-26 15:42:17 [http-nio-8080-exec-8] INFO  v.e.n.f.e.c.filter.LoggingFilter - IP: 0:0:0:0:0:0:0:1 | Method: GET | URI: /e_learning_war_exploded/assets/javascript/ui/header-search.js | Time: 0ms
2026-05-26 15:42:17 [http-nio-8080-exec-3] INFO  v.e.n.f.e.c.filter.LoggingFilter - IP: 0:0:0:0:0:0:0:1 | Method: GET | URI: /e_learning_war_exploded/assets/css/base/base.css | Time: 6ms
2026-05-26 15:42:17 [http-nio-8080-exec-5] INFO  v.e.n.f.e.c.filter.LoggingFilter - IP: 0:0:0:0:0:0:0:1 | Method: GET | URI: /e_learning_war_exploded/assets/fonts/normalize.css-master/normalize.css | Time: 0ms
2026-05-26 15:42:17 [http-nio-8080-exec-2] INFO  v.e.n.f.e.c.filter.LoggingFilter - IP: 0:0:0:0:0:0:0:1 | Method: GET | URI: /e_learning_war_exploded/assets/javascript/security/security.js | Time: 0ms
2026-05-26 15:42:17 [http-nio-8080-exec-4] INFO  v.e.n.f.e.c.filter.LoggingFilter - IP: 0:0:0:0:0:0:0:1 | Method: GET | URI: /e_learning_war_exploded/assets/image/search.png | Time: 0ms
2026-05-26 15:42:18 [http-nio-8080-exec-9] INFO  v.e.n.f.e.c.filter.LoggingFilter - IP: 0:0:0:0:0:0:0:1 | Method: GET | URI: /e_learning_war_exploded/assets/javascript/security/security.js | Time: 0ms
2026-05-26 15:42:18 [http-nio-8080-exec-1] INFO  v.e.n.f.e.c.filter.LoggingFilter - IP: 0:0:0:0:0:0:0:1 | Method: GET | URI: /e_learning_war_exploded/assets/css/admin/component/notification.css | Time: 6ms
2026-05-26 15:42:18 [http-nio-8080-exec-6] INFO  v.e.n.f.e.c.filter.LoggingFilter - IP: 0:0:0:0:0:0:0:1 | Method: GET | URI: /e_learning_war_exploded/assets/javascript/ui/notification.js | Time: 0ms
2026-05-26 15:42:18 [http-nio-8080-exec-7] INFO  v.e.n.f.e.c.filter.LoggingFilter - IP: 0:0:0:0:0:0:0:1 | Method: GET | URI: /e_learning_war_exploded/assets/javascript/component/modal/modal.js | Time: 8ms
2026-05-26 15:42:18 [http-nio-8080-exec-10] INFO  v.e.n.f.e.c.filter.LoggingFilter - IP: 0:0:0:0:0:0:0:1 | Method: GET | URI: /e_learning_war_exploded/assets/javascript/component/modal/modal-configs.js | Time: 0ms
2026-05-26 15:42:18 [http-nio-8080-exec-8] INFO  v.e.n.f.e.c.filter.LoggingFilter - IP: 0:0:0:0:0:0:0:1 | Method: GET | URI: /e_learning_war_exploded/assets/javascript/validation/auth/sign-in.js | Time: 1ms
2026-05-26 15:42:18 [http-nio-8080-exec-3] INFO  v.e.n.f.e.c.filter.LoggingFilter - IP: 0:0:0:0:0:0:0:1 | Method: GET | URI: /e_learning_war_exploded/assets/javascript/validation/form-validation.js | Time: 0ms
2026-05-26 15:42:21 [http-nio-8080-exec-5] INFO  v.e.n.f.e.c.filter.LoggingFilter - IP: 0:0:0:0:0:0:0:1 | Method: POST | URI: /e_learning_war_exploded/sign-in | Time: 1040ms
2026-05-26 15:42:22 [http-nio-8080-exec-2] INFO  v.e.n.f.e.c.filter.LoggingFilter - IP: 0:0:0:0:0:0:0:1 | Method: GET | URI: /e_learning_war_exploded/admin/dashboard | Time: 933ms
2026-05-26 15:42:22 [http-nio-8080-exec-1] INFO  v.e.n.f.e.c.filter.LoggingFilter - IP: 0:0:0:0:0:0:0:1 | Method: GET | URI: /e_learning_war_exploded/assets/css/admin/layouts/header-admin.css | Time: 4ms
2026-05-26 15:42:22 [http-nio-8080-exec-4] INFO  v.e.n.f.e.c.filter.LoggingFilter - IP: 0:0:0:0:0:0:0:1 | Method: GET | URI: /e_learning_war_exploded/assets/css/admin/layouts/admin.css | Time: 5ms
2026-05-26 15:42:22 [http-nio-8080-exec-9] INFO  v.e.n.f.e.c.filter.LoggingFilter - IP: 0:0:0:0:0:0:0:1 | Method: GET | URI: /e_learning_war_exploded/assets/css/admin/layouts/sidebar-admin.css | Time: 5ms
2026-05-26 15:42:22 [http-nio-8080-exec-6] INFO  v.e.n.f.e.c.filter.LoggingFilter - IP: 0:0:0:0:0:0:0:1 | Method: GET | URI: /e_learning_war_exploded/assets/css/base/base.css | Time: 2ms
2026-05-26 15:42:22 [http-nio-8080-exec-7] INFO  v.e.n.f.e.c.filter.LoggingFilter - IP: 0:0:0:0:0:0:0:1 | Method: GET | URI: /e_learning_war_exploded/assets/fonts/normalize.css-master/normalize.css | Time: 3ms
2026-05-26 15:42:23 [http-nio-8080-exec-10] INFO  v.e.n.f.e.c.filter.LoggingFilter - IP: 0:0:0:0:0:0:0:1 | Method: GET | URI: /e_learning_war_exploded/assets/fonts/fontawesome-free-7.1.0-web/css/all.min.css | Time: 3ms
2026-05-26 15:42:23 [http-nio-8080-exec-3] INFO  v.e.n.f.e.c.filter.LoggingFilter - IP: 0:0:0:0:0:0:0:1 | Method: GET | URI: /e_learning_war_exploded/assets/css/admin/component/notification.css | Time: 1ms
2026-05-26 15:42:23 [http-nio-8080-exec-8] INFO  v.e.n.f.e.c.filter.LoggingFilter - IP: 0:0:0:0:0:0:0:1 | Method: GET | URI: /e_learning_war_exploded/assets/css/admin/pages/dashboard.css | Time: 1ms
2026-05-26 15:42:23 [http-nio-8080-exec-5] INFO  v.e.n.f.e.c.filter.LoggingFilter - IP: 0:0:0:0:0:0:0:1 | Method: GET | URI: /e_learning_war_exploded/assets/javascript/security/security.js | Time: 0ms
2026-05-26 15:42:23 [http-nio-8080-exec-2] INFO  v.e.n.f.e.c.filter.LoggingFilter - IP: 0:0:0:0:0:0:0:1 | Method: GET | URI: /e_learning_war_exploded/assets/javascript/ui/notification.js | Time: 1ms
2026-05-26 15:42:23 [http-nio-8080-exec-1] INFO  v.e.n.f.e.c.filter.LoggingFilter - IP: 0:0:0:0:0:0:0:1 | Method: GET | URI: /e_learning_war_exploded/assets/javascript/component/modal/modal-configs.js | Time: 1ms
2026-05-26 15:42:23 [http-nio-8080-exec-4] INFO  v.e.n.f.e.c.filter.LoggingFilter - IP: 0:0:0:0:0:0:0:1 | Method: GET | URI: /e_learning_war_exploded/assets/javascript/component/modal/modal.js | Time: 2ms
2026-05-26 15:42:23 [http-nio-8080-exec-7] INFO  v.e.n.f.e.c.filter.LoggingFilter - IP: 0:0:0:0:0:0:0:1 | Method: GET | URI: /e_learning_war_exploded/assets/fonts/static/Roboto-SemiBold.ttf | Time: 2ms
2026-05-26 15:42:23 [http-nio-8080-exec-9] INFO  v.e.n.f.e.c.filter.LoggingFilter - IP: 0:0:0:0:0:0:0:1 | Method: GET | URI: /e_learning_war_exploded/assets/fonts/static/Roboto-Bold.ttf | Time: 3ms
2026-05-26 15:42:23 [http-nio-8080-exec-6] INFO  v.e.n.f.e.c.filter.LoggingFilter - IP: 0:0:0:0:0:0:0:1 | Method: GET | URI: /e_learning_war_exploded/assets/fonts/static/Roboto-Regular.ttf | Time: 3ms
